[
  {
    "Msg": {
      "m": "You open your mouth, as if to speak."
    }
  }
]
