{
  "msgs": [
    {
      "Msg": {
        "m": "You say, 'hi'\n"
      }
    }
  ]
}
